eta=+0.00: stationary_residual=6.94e-16, full_states=1430, sector=186
eta=+0.25: stationary_residual=3.73e-15, full_states=1430, sector=186
eta=-0.25: stationary_residual=2.3e-15, full_states=1430, sector=186
{
  "completed": "results",
  "symmetry": {
    "generator_times4_conjugacy_residual": 0.0,
    "stationary_K_conjugacy_max_residual": 5.551115123125783e-16,
    "same_even_cross_odd_max_residual": 6.2172914134266866e-15,
    "U_same_even_cross_odd_max_residual": 3.762713006328424e-15,
    "compressed_parity": [
      {
        "name": "triplet_incidence",
        "max_residual": 3.4429348323773318e-15
      },
      {
        "name": "triplet_incidence_plus_T4",
        "max_residual": 2.972895038947419e-15
      }
    ]
  },
  "elapsed_seconds": 1.7091080890095327
}
