 notes/annealed-quenched-root-20260913.md           |  106 ++
 notes/conditional-odds-integration-20260913.md     |   76 +
 notes/invisible-spatial-marks-20260913.md          |  100 +
 notes/limit-order-readout-audit-20260913.md        |  100 +
 notes/multi-advance-handoff-20260913.md            |   56 +
 notes/multi-advance-review-20260913-zh.md          |   84 +
 notes/rank-source-zero-free-strip-20260913.md      |  127 ++
 notes/spatial-source-hessian-20260913.md           |  170 ++
 .../conditional-odds-integration.json              |   75 +
 .../full-site-hessian-independent.json             |  780 ++++++++
 .../full-site-hessian.json                         | 2002 ++++++++++++++++++++
 .../invisible-spatial-marks.json                   |  467 +++++
 .../topological-source-zeros.json                  | 1103 +++++++++++
 scripts/conditional_odds_integration.py            |   91 +
 scripts/invisible_spatial_marks.py                 |  104 +
 scripts/topological_source_zeros.py                |  140 ++
 scripts/torus_source_hessian.py                    |  220 ++
 scripts/verify_source_hessian.py                   |  141 ++
 tests/test_rank_source_zeros.py                    |   63 +
 tests/test_spatial_hessian.py                      |   56 +
 tests/test_spatial_marks_and_integration.py        |   66 +
 21 files changed, 6127 insertions(+)
