	Command being timed: "env OMP_NUM_THREADS=16 /workspace/p267-target1-external/build-5ccab6f/threshold_rank_integer_period_mc --samples 2000000 --batches 100 --threads 16 --first-matrix 16 -13 13 16 --second-matrix 19 -8 8 19 --first-rep 16 13 --second-rep 19 8 --seed 20260830425 --replica-offset 13000000000 --git-commit 01d8a4e --marked-births --output-prefix /workspace/p267-target1-external/N425_2m/N425_2m"
	User time (seconds): 3876.92
	System time (seconds): 1.71
	Percent of CPU this job got: 1260%
	Elapsed (wall clock) time (h:mm:ss or m:ss): 5:07.77
	Average shared text size (kbytes): 0
	Average unshared data size (kbytes): 0
	Average stack size (kbytes): 0
	Average total size (kbytes): 0
	Maximum resident set size (kbytes): 669748
	Average resident set size (kbytes): 0
	Major (requiring I/O) page faults: 0
	Minor (reclaiming a frame) page faults: 167106
	Voluntary context switches: 68
	Involuntary context switches: 416050
	Swaps: 0
	File system inputs: 0
	File system outputs: 1062616
	Socket messages sent: 0
	Socket messages received: 0
	Signals delivered: 0
	Page size (bytes): 4096
	Exit status: 0
