completed aligned covariance [65, 85, 130, 170]
completed aligned covariance [260]
completed aligned covariance [340]
{
  "elapsed_seconds": 5.460982470016461,
  "max_sum_residual": {
    "U": 2.282618538629322e-12,
    "v": 7.705835969318287e-11
  },
  "allocations": {
    "65": {
      "U": {
        "labels": [
          "N65.U_plus",
          "N65.U_minus",
          "N65.U_sum"
        ],
        "estimates": [
          {
            "value": 2.2609674748624506,
            "se": 0.5022247213894621,
            "z": 4.501903985545009
          },
          {
            "value": -0.8014515920446934,
            "se": 0.16918827327106722,
            "z": -4.737039846494781
          },
          {
            "value": 1.4595158828177572,
            "se": 0.5546004377887999,
            "z": 2.6316529583656094
          }
        ],
        "covariance": [
          [
            0.25222967077472275,
            0.013363651504180169,
            0.265593322278903
          ],
          [
            0.013363651504180169,
            0.028624671812445324,
            0.0419883233166255
          ],
          [
            0.265593322278903,
            0.0419883233166255,
            0.3075816455955284
          ]
        ],
        "plus_minus_correlation": 0.15727395096296026
      },
      "v": {
        "labels": [
          "N65.v_plus",
          "N65.v_minus",
          "N65.v_sum"
        ],
        "estimates": [
          {
            "value": -1.3586877807726443,
            "se": 0.7060172229871933,
            "z": -1.924439994571195
          },
          {
            "value": 0.500915351989956,
            "se": 0.3040472648294278,
            "z": 1.647491722285258
          },
          {
            "value": -0.8577724287826883,
            "se": 0.7276355791202932,
            "z": -1.178848936743486
          }
        ],
        "covariance": [
          [
            0.4984603191545482,
            -0.030725761201539976,
            0.4677345579530082
          ],
          [
            -0.030725761201539976,
            0.0924447392502562,
            0.06171897804871621
          ],
          [
            0.4677345579530083,
            0.06171897804871621,
            0.5294535360017245
          ]
        ],
        "plus_minus_correlation": -0.14313513580861528
      }
    },
    "85": {
      "U": {
        "labels": [
          "N85.U_plus",
          "N85.U_minus",
          "N85.U_sum"
        ],
        "estimates": [
          {
            "value": 0.45261874401187596,
            "se": 0.6723202898676055,
            "z": 0.6732189268019956
          },
          {
            "value": -0.8704434536317268,
            "se": 0.2365212707668151,
            "z": -3.680191006963986
          },
          {
            "value": -0.41782470961985085,
            "se": 0.7304552976217068,
            "z": -0.5720058585107788
          }
        ],
        "covariance": [
          [
            0.4520145721676611,
            0.012804029065402945,
            0.4648186012330641
          ],
          [
            0.012804029065402943,
            0.055942311525149065,
            0.06874634059055201
          ],
          [
            0.4648186012330641,
            0.06874634059055201,
            0.5335649418236162
          ]
        ],
        "plus_minus_correlation": 0.080519344313499
      },
      "v": {
        "labels": [
          "N85.v_plus",
          "N85.v_minus",
          "N85.v_sum"
        ],
        "estimates": [
          {
            "value": 1.0223687800236134,
            "se": 1.1911910121559437,
            "z": 0.8582744241607583
          },
          {
            "value": 0.7376233701399353,
            "se": 0.4226402213982006,
            "z": 1.7452749000076018
          },
          {
            "value": 1.7599921501635487,
            "se": 1.1960661535847557,
            "z": 1.4714839516933393
          }
        ],
        "covariance": [
          [
            1.4189360274411018,
            -0.0834932702167948,
            1.335442757224307
          ],
          [
            -0.08349327021679481,
            0.17862475674352002,
            0.09513148652672523
          ],
          [
            1.335442757224307,
            0.09513148652672523,
            1.4305742437510325
          ]
        ],
        "plus_minus_correlation": -0.16584379933806792
      }
    },
    "130": {
      "U": {
        "labels": [
          "N130.U_plus",
          "N130.U_minus",
          "N130.U_sum"
        ],
        "estimates": [
          {
            "value": 0.15050194258744132,
            "se": 1.7993907503077773,
            "z": 0.08364050029805847
          },
          {
            "value": -1.2737753654452681,
            "se": 0.6167555101809531,
            "z": -2.0652841270466293
          },
          {
            "value": -1.1232734228578267,
            "se": 1.8900764041203735,
            "z": -0.5943005374857263
          }
        ],
        "covariance": [
          [
            3.2378070722931858,
            -0.022902809109575966,
            3.214904263183607
          ],
          [
            -0.02290280910957598,
            0.38038735933856777,
            0.35748455022899184
          ],
          [
            3.214904263183607,
            0.35748455022899184,
            3.5723888134126014
          ]
        ],
        "plus_minus_correlation": -0.020637174263701825
      },
      "v": {
        "labels": [
          "N130.v_plus",
          "N130.v_minus",
          "N130.v_sum"
        ],
        "estimates": [
          {
            "value": -2.1925702121886195,
            "se": 3.262073476440305,
            "z": -0.672140044675276
          },
          {
            "value": 1.9807197904968619,
            "se": 1.4939889677181653,
            "z": 1.3257927824742253
          },
          {
            "value": -0.2118504216917576,
            "se": 3.4001289745105443,
            "z": -0.062306584038405166
          }
        ],
        "covariance": [
          [
            10.641123365695337,
            -0.6561246790264026,
            9.984998686668932
          ],
          [
            -0.6561246790264026,
            2.2320030356635887,
            1.575878356637187
          ],
          [
            9.984998686668932,
            1.5758783566371872,
            11.560877043306126
          ]
        ],
        "plus_minus_correlation": -0.13463105337383097
      }
    },
    "170": {
      "U": {
        "labels": [
          "N170.U_plus",
          "N170.U_minus",
          "N170.U_sum"
        ],
        "estimates": [
          {
            "value": 3.6601412113166436,
            "se": 2.2505165924080073,
            "z": 1.6263560213970103
          },
          {
            "value": -1.893341301252908,
            "se": 0.790397763938428,
            "z": -2.3954284635354806
          },
          {
            "value": 1.7667999100637357,
            "se": 2.4252335153429967,
            "z": 0.7285071309159523
          }
        ],
        "covariance": [
          [
            5.064824932703749,
            0.0961020230001685,
            5.160926955703918
          ],
          [
            0.0961020230001685,
            0.6247286252388669,
            0.7208306482390352
          ],
          [
            5.160926955703917,
            0.7208306482390352,
            5.881757603942949
          ]
        ],
        "plus_minus_correlation": 0.05402622310964231
      },
      "v": {
        "labels": [
          "N170.v_plus",
          "N170.v_minus",
          "N170.v_sum"
        ],
        "estimates": [
          {
            "value": -4.751199703519552,
            "se": 5.306135417046131,
            "z": -0.8954162172823877
          },
          {
            "value": 7.093314696974277,
            "se": 2.1157788136763918,
            "z": 3.352578564036609
          },
          {
            "value": 2.342114993454725,
            "se": 5.650414247082005,
            "z": 0.4145032365838033
          }
        ],
        "covariance": [
          [
            28.155073064031324,
            -0.3522059444029474,
            27.802867119628356
          ],
          [
            -0.3522059444029474,
            4.47651998840188,
            4.1243140439989325
          ],
          [
            27.802867119628356,
            4.1243140439989325,
            31.9271811636273
          ]
        ],
        "plus_minus_correlation": -0.0313724248886346
      }
    },
    "260": {
      "U": {
        "labels": [
          "N260.U_plus",
          "N260.U_minus",
          "N260.U_sum"
        ],
        "estimates": [
          {
            "value": 4.337654531191403,
            "se": 1.8769549081572665,
            "z": 2.311006253980801
          },
          {
            "value": -2.335028755213553,
            "se": 0.5571376752372235,
            "z": -4.191116233917087
          },
          {
            "value": 2.0026257759778505,
            "se": 1.870463330997436,
            "z": 1.0706575973932289
          }
        ],
        "covariance": [
          [
            3.5229597272556528,
            -0.16736452190918377,
            3.3555952053464684
          ],
          [
            -0.16736452190918377,
            0.3104023891687379,
            0.14303786725955414
          ],
          [
            3.355595205346468,
            0.14303786725955414,
            3.4986330726060233
          ]
        ],
        "plus_minus_correlation": -0.16004681439855337
      },
      "v": {
        "labels": [
          "N260.v_plus",
          "N260.v_minus",
          "N260.v_sum"
        ],
        "estimates": [
          {
            "value": -8.998220580455436,
            "se": 4.201621293431274,
            "z": -2.141606763685024
          },
          {
            "value": 3.025930493594495,
            "se": 2.208819442998685,
            "z": 1.3699311200767514
          },
          {
            "value": -5.972290086860942,
            "se": 4.273621980963373,
            "z": -1.3974773888435144
          }
        ],
        "covariance": [
          [
            17.653621493415095,
            -2.134329994505404,
            15.5192914989097
          ],
          [
            -2.1343299945054035,
            4.878883331769021,
            2.744553337263615
          ],
          [
            15.519291498909702,
            2.744553337263615,
            18.26384483617331
          ]
        ],
        "plus_minus_correlation": -0.2299770219455978
      }
    },
    "340": {
      "U": {
        "labels": [
          "N340.U_plus",
          "N340.U_minus",
          "N340.U_sum"
        ],
        "estimates": [
          {
            "value": 5.725629346756172,
            "se": 2.2261238531059275,
            "z": 2.5720174278567978
          },
          {
            "value": -1.950560304296113,
            "se": 0.9150894990748337,
            "z": -2.131551401549414
          },
          {
            "value": 3.775069042460059,
            "se": 2.4183398418555386,
            "z": 1.5610167674215432
          }
        ],
        "covariance": [
          [
            4.955627409367181,
            0.027675695010829678,
            4.983303104378011
          ],
          [
            0.027675695010829678,
            0.8373887913170301,
            0.8650644863278604
          ],
          [
            4.983303104378011,
            0.8650644863278604,
            5.848367590705871
          ]
        ],
        "plus_minus_correlation": 0.013585813268458181
      },
      "v": {
        "labels": [
          "N340.v_plus",
          "N340.v_minus",
          "N340.v_sum"
        ],
        "estimates": [
          {
            "value": 5.2458571132089356,
            "se": 8.937720568817198,
            "z": 0.5869345626569709
          },
          {
            "value": 6.613515648841825,
            "se": 3.095461194351874,
            "z": 2.136520290065067
          },
          {
            "value": 11.85937276205076,
            "se": 9.198146976704551,
            "z": 1.2893219462665788
          }
        ],
        "covariance": [
          [
            79.88284896625804,
            -2.42941058346865,
            77.45343838278937
          ],
          [
            -2.4294105834686492,
            9.58188000573833,
            7.152469422269678
          ],
          [
            77.45343838278937,
            7.152469422269678,
            84.60590780505908
          ]
        ],
        "plus_minus_correlation": -0.0878109716057529
      }
    }
  }
}
