w=4  Delta=-3.2758796085e-03 Dp=2.4659477621e+00 | A_open4=0.617686 A_open8=2.506993 | p_ch=0.591417170853 w4*off=0.340193 | 0.2s
w=5  Delta=-1.1766036623e-03 Dp=2.3063319729e+00 | A_open4=0.646017 A_open8=3.764601 | p_ch=0.592235823205 w4*off=0.318892 | 0.9s
w=6  Delta=-5.2257299199e-04 Dp=2.1894276107e+00 | A_open4=0.703049 A_open8=5.885781 | p_ch=0.592507356206 w4*off=0.309348 | 6.3s
w=7  Delta=-2.6522246900e-04 Dp=2.0980576358e+00 | A_open4=0.777206 A_open8=9.372740 | p_ch=0.592619633400 w4*off=0.303528 | 42.6s
w=8  Delta=-1.4830712223e-04 Dp=2.0235972867e+00 | A_open4=0.872497 A_open8=15.174843 | p_ch=0.592672760575 w4*off=0.300197 | 413.9s
/workspace/sectorA/scripts/s802b_c1_amplitude.py:135: RuntimeWarning: invalid value encountered in log
  lw = np.log(np.array(w, float)); ly = np.log(np.array(y, float))
-> /workspace/sectorA/out/closure-amplitude-raw.json  (463.9s)
{
 "Delta_3param": {
  "C": NaN,
  "p": NaN,
  "D": NaN,
  "rms_log": NaN
 },
 "Delta_pure": {
  "C": NaN,
  "p": NaN,
  "D": null,
  "rms_log": NaN
 },
 "Delta_p_3param": {
  "C": 3.1085789125450387,
  "p": 0.22609809335995182,
  "D": 0.3272972122777682,
  "rms_log": 5.0733178720738685e-05
 },
 "offset_3param": {
  "C": 0.13824874318070968,
  "p": 3.7646955656636396,
  "D": 2.2947636745517244,
  "rms_log": 0.001156534793731153
 },
 "Theta_p_3param": {
  "C": 3.130957854031785,
  "p": 0.2284888753138635,
  "D": 0.309298212442287,
  "rms_log": 3.785928951165846e-05
 },
 "slope_Delta_1overw": {
  "p_inf": 4.034751274927367,
  "c": 2.1777980826453844,
  "rms": 0.011161346832713536
 },
 "slope_Delta_p_1overw": {
  "p_inf": 0.23107996045401832,
  "c": 0.2738891726152512,
  "rms": 0.000391459398320465
 },
 "slope_offset_1overw": {
  "p_inf": 3.8026421546515703,
  "c": 1.9113610899457905,
  "rms": 0.010861800232911513
 }
}
local slopes Delta : ['4.5888', '4.4516', '4.3996', '4.3532']
local slopes Dp    : ['0.2999', '0.2853', '0.2765', '0.2706']
local slopes offset: ['4.2898', '4.1667', '4.1232', '4.0826']
w^17/4 D : ['-1.185995', '-1.099646', '-1.059961', '-1.035803', '-1.021632']
w^4  D   : ['-0.838625', '-0.735377', '-0.677255', '-0.636799', '-0.607466']
w^4 off  : ['0.340193', '0.318892', '0.309348', '0.303528', '0.300197']
w^1/4 Dp : ['3.487377', '3.448771', '3.426639', '3.412651', '3.403271']
