N 325 ensemble J reproduction max error 1.8973538018496328e-18
all.p_ref.A.E_det_JZ 1.11464570655e-07 +/- 1.36695e-07
all.p_ref.A.E_det_JZ_squared 0 +/- 0
all.p_ref.E.E_det_JZ -1.0356663988e-08 +/- 4.94293e-08
all.p_ref.E.E_det_JZ_squared 0 +/- 0
all.p_integral.A.E_det_JZ 4.78559364297e-09 +/- 4.11639e-09
all.p_integral.A.E_det_JZ_squared 0 +/- 0
all.p_integral.E.E_det_JZ 1.33580757381e-09 +/- 2.00819e-09
all.p_integral.E.E_det_JZ_squared 0 +/- 0
all.input_G.E_det_JZ 3.25892857143e-05 +/- 1.0232e-05
all.input_G.E_det_JZ_squared 0 +/- 0
all.diagnostic.noncollinear_source_quartet_pairs 0.00275 +/- 0.000527531
all.diagnostic.usable_four_quartet_pairings 0 +/- 0
all.diagnostic.at_least_one_noncollinear_pair 0.0023 +/- 0.000377666
all.diagnostic.at_least_one_usable_four_pairing 0 +/- 0
all.p_ref.A.det_mean_JZ 1.22718725055e-08 +/- 4.0719e-09
all.p_ref.E.det_mean_JZ 5.51487579552e-10 +/- 5.59596e-10
all.p_integral.A.det_mean_JZ 4.20205031813e-10 +/- 1.62825e-10
all.p_integral.E.det_mean_JZ 1.52987379265e-11 +/- 1.94331e-11
all.input_G.det_mean_JZ 2.4473515625e-05 +/- 1.07839e-06
N 425 ensemble J reproduction max error 2.168404344971009e-18
all.p_ref.A.E_det_JZ 1.06366403858e-07 +/- 1.15322e-07
all.p_ref.A.E_det_JZ_squared 0 +/- 0
all.p_ref.E.E_det_JZ 2.74278498031e-08 +/- 4.65332e-08
all.p_ref.E.E_det_JZ_squared 0 +/- 0
all.p_integral.A.E_det_JZ 1.32839289257e-10 +/- 3.57248e-09
all.p_integral.A.E_det_JZ_squared 0 +/- 0
all.p_integral.E.E_det_JZ 1.58976649411e-09 +/- 8.12288e-10
all.p_integral.E.E_det_JZ_squared 0 +/- 0
all.input_G.E_det_JZ 2.16517857143e-05 +/- 5.68649e-06
all.input_G.E_det_JZ_squared 0 +/- 0
all.diagnostic.noncollinear_source_quartet_pairs 0.00195 +/- 0.000311828
all.diagnostic.usable_four_quartet_pairings 0 +/- 0
all.diagnostic.at_least_one_noncollinear_pair 0.0018 +/- 0.00028654
all.diagnostic.at_least_one_usable_four_pairing 0 +/- 0
all.p_ref.A.det_mean_JZ 1.55912384062e-08 +/- 4.69216e-09
all.p_ref.E.det_mean_JZ 1.41785157971e-09 +/- 9.22216e-10
all.p_integral.A.det_mean_JZ 5.14307849247e-10 +/- 1.28723e-10
all.p_integral.E.det_mean_JZ -1.96788838039e-11 +/- 1.97889e-11
all.input_G.det_mean_JZ 2.82998339844e-05 +/- 1.46264e-06
{"started_unix": 1788170501.030114, "finished_unix": 1788170501.6044428, "elapsed_seconds": 0.5743293762207031, "hostname": "033945d8bf8b47a7acf475c595169e07", "python": "3.9.9", "numpy": "1.26.4", "scipy": "1.13.1", "cpu_count": 16, "workers": 16, "script_sha256": "47ea54f9d270d1bfcbdcd4ee2048718a2668a0715ff25f33f1951a4a4430709b", "input_manifest_sha256": "4594e4ae4057f077e496417d5aa9cedb852266695c7be7c8d67417f7f337c3a1", "command": "analyze_prefix_local_rank.py --workers 16", "new_samples": 0, "successful_analysis_runs": 1, "attempt": 2, "prior_attempts": "Attempt1 completed numeric calculations but failed JSON int64 serialization"}
