325 new64.all.p_ref.A.E_det_JZ 1.24175931398e-08 +/- 2.43619e-09
325 new64.all.p_ref.A.E_det_JZ_squared 7.63034180252e-15 +/- 6.40862e-15
325 new64.all.p_ref.E.E_det_JZ -1.31350169889e-10 +/- 5.97377e-10
325 new64.all.p_ref.E.E_det_JZ_squared -2.69222953783e-16 +/- 5.07948e-16
325 new64.all.p_integral.A.E_det_JZ 5.52384707513e-10 +/- 8.49043e-11
325 new64.all.p_integral.A.E_det_JZ_squared 5.41166273038e-18 +/- 7.61341e-18
325 new64.all.p_integral.E.E_det_JZ 2.68661236371e-11 +/- 2.19818e-11
325 new64.all.p_integral.E.E_det_JZ_squared 4.56737501921e-20 +/- 5.82329e-19
325 new64.all.score_G.E_det_JZ 2.9222401982e-07 +/- 1.08535e-08
325 new64.all.score_G.E_det_JZ_squared 2.37673812363e-12 +/- 1.92573e-13
325 combined72.all.p_ref.A.E_det_JZ 1.15936602245e-08 +/- 2.14282e-09
325 combined72.all.p_ref.A.E_det_JZ_squared 7.32068384755e-15 +/- 5.05121e-15
325 combined72.all.p_ref.E.E_det_JZ -3.79563894442e-10 +/- 5.97081e-10
325 combined72.all.p_ref.E.E_det_JZ_squared -4.53894009406e-16 +/- 4.04536e-16
325 combined72.all.p_integral.A.E_det_JZ 5.32779223013e-10 +/- 7.33706e-11
325 combined72.all.p_integral.A.E_det_JZ_squared 8.28069758875e-18 +/- 5.67862e-18
325 combined72.all.p_integral.E.E_det_JZ 2.10344681679e-11 +/- 2.11663e-11
325 combined72.all.p_integral.E.E_det_JZ_squared 1.34064781934e-19 +/- 5.24418e-19
325 combined72.all.score_G.E_det_JZ 2.92655428165e-07 +/- 1.10927e-08
325 combined72.all.score_G.E_det_JZ_squared 2.36399995309e-12 +/- 1.87607e-13
325 new64.all.p_ref.A.det_mean_JZ 1.21823760814e-08 +/- 1.35931e-09
325 new64.all.p_integral.A.det_mean_JZ 4.72959951312e-10 +/- 4.76157e-11
325 combined72.all.p_ref.A.det_mean_JZ 1.21222055106e-08 +/- 1.36127e-09
325 combined72.all.p_integral.A.det_mean_JZ 4.69025998241e-10 +/- 4.81726e-11
425 new64.all.p_ref.A.E_det_JZ 1.51007358653e-08 +/- 2.0047e-09
425 new64.all.p_ref.A.E_det_JZ_squared 6.47370135968e-15 +/- 6.23674e-15
425 new64.all.p_ref.E.E_det_JZ 3.08823331321e-10 +/- 7.50788e-10
425 new64.all.p_ref.E.E_det_JZ_squared -4.85930781598e-16 +/- 6.3535e-16
425 new64.all.p_integral.A.E_det_JZ 5.30960279737e-10 +/- 7.3151e-11
425 new64.all.p_integral.A.E_det_JZ_squared 5.78143544836e-18 +/- 6.60461e-18
425 new64.all.p_integral.E.E_det_JZ 1.21229948646e-11 +/- 2.97676e-11
425 new64.all.p_integral.E.E_det_JZ_squared -2.10472371953e-19 +/- 5.06715e-19
425 new64.all.score_G.E_det_JZ 3.52471617912e-07 +/- 1.57682e-08
425 new64.all.score_G.E_det_JZ_squared 3.07474241246e-12 +/- 3.65505e-13
425 combined72.all.p_ref.A.E_det_JZ 1.49767417532e-08 +/- 1.97301e-09
425 combined72.all.p_ref.A.E_det_JZ_squared 4.05057055302e-15 +/- 5.61509e-15
425 combined72.all.p_ref.E.E_det_JZ 3.65034113497e-10 +/- 6.62209e-10
425 combined72.all.p_ref.E.E_det_JZ_squared -5.58016957012e-16 +/- 4.41317e-16
425 combined72.all.p_integral.A.E_det_JZ 5.26806997622e-10 +/- 6.77299e-11
425 combined72.all.p_integral.A.E_det_JZ_squared 5.94407007503e-18 +/- 4.78008e-18
425 combined72.all.p_integral.E.E_det_JZ 4.23906632878e-12 +/- 2.44714e-11
425 combined72.all.p_integral.E.E_det_JZ_squared -1.91444547106e-19 +/- 3.9274e-19
425 combined72.all.score_G.E_det_JZ 3.52265438721e-07 +/- 1.53297e-08
425 combined72.all.score_G.E_det_JZ_squared 3.05016771572e-12 +/- 3.44258e-13
425 new64.all.p_ref.A.det_mean_JZ 1.43158864368e-08 +/- 1.69899e-09
425 new64.all.p_integral.A.det_mean_JZ 4.49269227653e-10 +/- 4.90265e-11
425 combined72.all.p_ref.A.det_mean_JZ 1.4249291151e-08 +/- 1.70472e-09
425 combined72.all.p_integral.A.det_mean_JZ 4.48074718857e-10 +/- 4.90712e-11
{"host": "033945d8bf8b47a7acf475c595169e07", "python": "3.9.9", "numpy": "1.26.4", "scipy": "1.13.1", "workers": 16, "started_unix": 1788171598.1225452, "finished_unix": 1788171600.342233, "elapsed_seconds": 2.2196881771087646, "script_sha256": "f94e063a3a495166039684e3475cc1c610c9287bcfaeeb8ee4bc190ee2a6e8a9", "extension_receipt_sha256": "f1d470548c3dc64e77b17f3326303c24f538c7b3679d56c169df0b24fd62a5b8", "new_sampling_in_this_analysis": 0, "analysis_attempt": 1}
