325 all.p_ref.A.E_det_JZ 1.57651767625e-08 +/- 1.32371e-08
325 all.p_ref.A.E_det_JZ_squared 6.91268189463e-14 +/- 2.27728e-13
325 all.p_ref.E.E_det_JZ -1.40190012855e-08 +/- 6.17702e-09
325 all.p_ref.E.E_det_JZ_squared -2.39928891268e-14 +/- 2.32894e-14
325 all.p_integral.A.E_det_JZ 1.08015166235e-09 +/- 6.36935e-10
325 all.p_integral.A.E_det_JZ_squared 3.17764137805e-16 +/- 4.5593e-16
325 all.p_integral.E.E_det_JZ -1.2145139668e-10 +/- 1.4574e-10
325 all.p_integral.E.E_det_JZ_squared -4.81052417322e-17 +/- 6.23984e-17
325 all.score_G.E_det_JZ 3.00764235071e-07 +/- 1.68762e-08
325 all.score_G.E_det_JZ_squared 2.23355391775e-12 +/- 2.67196e-13
325 all.exact_score_G.det 2.92685420349e-07 +/- 9.37831e-09
325 all.exact_score_G.det_squared 2.42252485143e-12 +/- 1.54659e-13
325 all.exact_score_G.rank2_prefix 0.0751 +/- 0.00197737
325 all.diagnostic.any_usable_four_pairing 0.0748 +/- 0.00196228
425 all.p_ref.A.E_det_JZ -1.44922730365e-09 +/- 1.59764e-08
425 all.p_ref.A.E_det_JZ_squared -4.92204792421e-13 +/- 5.26027e-13
425 all.p_ref.E.E_det_JZ 8.12681971589e-09 +/- 4.87767e-09
425 all.p_ref.E.E_det_JZ_squared 4.21492411059e-14 +/- 4.17222e-14
425 all.p_integral.A.E_det_JZ -5.6391822141e-12 +/- 4.92722e-10
425 all.p_integral.A.E_det_JZ_squared -5.11573394151e-17 +/- 2.89971e-16
425 all.p_integral.E.E_det_JZ 3.80133988885e-11 +/- 1.71362e-10
425 all.p_integral.E.E_det_JZ_squared -1.87357948756e-17 +/- 6.70853e-17
425 all.score_G.E_det_JZ 3.48005731781e-07 +/- 1.53019e-08
425 all.score_G.E_det_JZ_squared 2.73482374529e-12 +/- 2.86393e-13
425 all.exact_score_G.det 3.52057910653e-07 +/- 1.35914e-08
425 all.exact_score_G.det_squared 3.00568510648e-12 +/- 2.34923e-13
425 all.exact_score_G.rank2_prefix 0.07755 +/- 0.00207298
425 all.diagnostic.any_usable_four_pairing 0.07745 +/- 0.00204357
{"hostname": "033945d8bf8b47a7acf475c595169e07", "python": "3.9.9", "numpy": "1.26.4", "scipy": "1.13.1", "workers": 16, "cpu_count": 16, "started_unix": 1788170762.979849, "finished_unix": 1788170766.829173, "elapsed_seconds": 3.8493242263793945, "script_sha256": "ede136acfdeef7de694bf03a20f16fe78de6fcd18c89c377d47d0d230d4fbeb5", "shared_script_sha256": "47ea54f9d270d1bfcbdcd4ee2048718a2668a0715ff25f33f1951a4a4430709b", "census_sha256": {"325": "76a01f6ee8325a49ec3da68c6332a0e73d5c6c4b2b31d9e27250b1b9f301c58c", "425": "23a1e7c49404f2e080c0cd519556494b428095e4a162141f235e7ac78beb782e"}, "new_prefixes": 0, "new_labels": 0, "new_tails": 0, "analysis_attempt": 1}
