HCE 2.0 base                                    5.2 MB/s | 6.0 MB     00:01    
HCE 2.0 updates                                 5.5 MB/s |  24 MB     00:04    
Last metadata expiration check: 0:00:01 ago on Mon 31 Aug 2026 06:11:22 PM CST.
Dependencies resolved.
================================================================================
 Package           Arch      Version                            Repo       Size
================================================================================
Installing:
 gcc-c++           aarch64   10.3.1-10.r20.hce2                 updates   9.5 M
 zlib-devel        aarch64   1.2.11-19.r10.hce2                 updates    91 k
Installing dependencies:
 binutils          aarch64   2.37-6.r33.hce2                    updates   4.4 M
 cpp               aarch64   10.3.1-10.r20.hce2                 updates   7.8 M
 gcc               aarch64   10.3.1-10.r20.hce2                 updates    25 M
 glibc-devel       aarch64   2.34-70.r101.hce2                  updates   1.8 M
 kernel-headers    aarch64   5.10.0-182.0.0.95.r3582_286.hce2   updates   1.9 M
 libmpc            aarch64   1.2.0-2.r2.hce2                    updates    62 k
 libstdc++-devel   aarch64   10.3.1-10.r20.hce2                 updates   2.2 M
 libxcrypt-devel   aarch64   4.4.26-5.r3.hce2                   updates   120 k
 mpfr              aarch64   4.1.0-1.r3.hce2                    updates   242 k
Installing weak dependencies:
 binutils-extra    aarch64   2.37-6.r33.hce2                    updates   1.3 M

Transaction Summary
================================================================================
Install  12 Packages

Total download size: 55 M
Installed size: 176 M
Downloading Packages:
(1/12): binutils-extra-2.37-6.r33.hce2.aarch64. 1.2 MB/s | 1.3 MB     00:01    
(2/12): binutils-2.37-6.r33.hce2.aarch64.rpm    2.4 MB/s | 4.4 MB     00:01    
(3/12): cpp-10.3.1-10.r20.hce2.aarch64.rpm      1.8 MB/s | 7.8 MB     00:04    
(4/12): glibc-devel-2.34-70.r101.hce2.aarch64.r 1.6 MB/s | 1.8 MB     00:01    
(5/12): gcc-c++-10.3.1-10.r20.hce2.aarch64.rpm  2.0 MB/s | 9.5 MB     00:04    
(6/12): libmpc-1.2.0-2.r2.hce2.aarch64.rpm      1.3 MB/s |  62 kB     00:00    
(7/12): kernel-headers-5.10.0-182.0.0.95.r3582_ 1.6 MB/s | 1.9 MB     00:01    
(8/12): libxcrypt-devel-4.4.26-5.r3.hce2.aarch6 1.6 MB/s | 120 kB     00:00    
(9/12): mpfr-4.1.0-1.r3.hce2.aarch64.rpm        1.4 MB/s | 242 kB     00:00    
(10/12): zlib-devel-1.2.11-19.r10.hce2.aarch64. 1.0 MB/s |  91 kB     00:00    
(11/12): libstdc++-devel-10.3.1-10.r20.hce2.aar 2.7 MB/s | 2.2 MB     00:00    
(12/12): gcc-10.3.1-10.r20.hce2.aarch64.rpm     2.9 MB/s |  25 MB     00:08    
--------------------------------------------------------------------------------
Total                                           5.6 MB/s |  55 MB     00:09     
Running transaction check
Transaction check succeeded.
Running transaction test
Transaction test succeeded.
Running transaction
  Preparing        :                                                        1/1 
  Installing       : mpfr-4.1.0-1.r3.hce2.aarch64                          1/12 
  Running scriptlet: mpfr-4.1.0-1.r3.hce2.aarch64                          1/12 
  Installing       : libmpc-1.2.0-2.r2.hce2.aarch64                        2/12 
  Installing       : binutils-extra-2.37-6.r33.hce2.aarch64                3/12 
  Running scriptlet: binutils-extra-2.37-6.r33.hce2.aarch64                3/12 
  Installing       : binutils-2.37-6.r33.hce2.aarch64                      4/12 
  Installing       : cpp-10.3.1-10.r20.hce2.aarch64                        5/12 
  Installing       : libstdc++-devel-10.3.1-10.r20.hce2.aarch64            6/12 
  Installing       : kernel-headers-5.10.0-182.0.0.95.r3582_286.hce2.aa    7/12 
  Installing       : libxcrypt-devel-4.4.26-5.r3.hce2.aarch64              8/12 
  Running scriptlet: glibc-devel-2.34-70.r101.hce2.aarch64                 9/12 
  Installing       : glibc-devel-2.34-70.r101.hce2.aarch64                 9/12 
  Installing       : gcc-10.3.1-10.r20.hce2.aarch64                       10/12 
  Installing       : gcc-c++-10.3.1-10.r20.hce2.aarch64                   11/12 
  Installing       : zlib-devel-1.2.11-19.r10.hce2.aarch64                12/12 
  Running scriptlet: zlib-devel-1.2.11-19.r10.hce2.aarch64                12/12 
  Verifying        : binutils-2.37-6.r33.hce2.aarch64                      1/12 
  Verifying        : binutils-extra-2.37-6.r33.hce2.aarch64                2/12 
  Verifying        : cpp-10.3.1-10.r20.hce2.aarch64                        3/12 
  Verifying        : gcc-10.3.1-10.r20.hce2.aarch64                        4/12 
  Verifying        : gcc-c++-10.3.1-10.r20.hce2.aarch64                    5/12 
  Verifying        : glibc-devel-2.34-70.r101.hce2.aarch64                 6/12 
  Verifying        : kernel-headers-5.10.0-182.0.0.95.r3582_286.hce2.aa    7/12 
  Verifying        : libmpc-1.2.0-2.r2.hce2.aarch64                        8/12 
  Verifying        : libstdc++-devel-10.3.1-10.r20.hce2.aarch64            9/12 
  Verifying        : libxcrypt-devel-4.4.26-5.r3.hce2.aarch64             10/12 
  Verifying        : mpfr-4.1.0-1.r3.hce2.aarch64                         11/12 
  Verifying        : zlib-devel-1.2.11-19.r10.hce2.aarch64                12/12 

Installed:
  binutils-2.37-6.r33.hce2.aarch64                                              
  binutils-extra-2.37-6.r33.hce2.aarch64                                        
  cpp-10.3.1-10.r20.hce2.aarch64                                                
  gcc-10.3.1-10.r20.hce2.aarch64                                                
  gcc-c++-10.3.1-10.r20.hce2.aarch64                                            
  glibc-devel-2.34-70.r101.hce2.aarch64                                         
  kernel-headers-5.10.0-182.0.0.95.r3582_286.hce2.aarch64                       
  libmpc-1.2.0-2.r2.hce2.aarch64                                                
  libstdc++-devel-10.3.1-10.r20.hce2.aarch64                                    
  libxcrypt-devel-4.4.26-5.r3.hce2.aarch64                                      
  mpfr-4.1.0-1.r3.hce2.aarch64                                                  
  zlib-devel-1.2.11-19.r10.hce2.aarch64                                         

Complete!
