	Command being timed: "build/p200-n580/threshold_rank_orientation_mc --n 580 --samples 100000000 --batches 100 --seed 2026102001 --replica-offset 12000000000 --threads 8 --git-commit d9d6bb1a9bd9230139fef616a16280cad34d28f6 --output-prefix /workspace/results/server-20260829/P200-n580-phaseA/raw/n580_100m"
	User time (seconds): 10489.65
	System time (seconds): 0.28
	Percent of CPU this job got: 743%
	Elapsed (wall clock) time (h:mm:ss or m:ss): 23:31.34
	Average shared text size (kbytes): 0
	Average unshared data size (kbytes): 0
	Average stack size (kbytes): 0
	Average total size (kbytes): 0
	Maximum resident set size (kbytes): 9444
	Average resident set size (kbytes): 0
	Major (requiring I/O) page faults: 0
	Minor (reclaiming a frame) page faults: 1227
	Voluntary context switches: 26
	Involuntary context switches: 410836
	Swaps: 0
	File system inputs: 0
	File system outputs: 6128
	Socket messages sent: 0
	Socket messages received: 0
	Signals delivered: 0
	Page size (bytes): 4096
	Exit status: 0
