325 VarC.S.plus 5.74294965742e-09 +/- 2.24307e-09
325 VarC.S.minus 1.56051336041e-09 +/- 1.89078e-09
325 VarC.D.plus 6.88556490768e-13 +/- 3.35453e-09
325 VarC.D.minus -2.43469129934e-08 +/- 5.32765e-09
325 CovCW.S.plus -5.22754487329e-09 +/- 1.83624e-09
325 CovCW.S.minus -1.85623408097e-09 +/- 1.95178e-09
325 CovCW.D.plus -4.60849740562e-09 +/- 5.21637e-09
325 CovCW.D.minus 1.46837264699e-08 +/- 4.54184e-09
325 VarW.S.plus 5.56018496697e-09 +/- 3.04076e-09
325 VarW.S.minus -1.81333667558e-09 +/- 4.11062e-09
325 VarW.D.plus -1.03377622096e-08 +/- 8.1208e-09
325 VarW.D.minus -1.54162997484e-08 +/- 1.11039e-08
325 shape_Frobenius_energy 3.930781966e-14 +/- 6.20384e-14
425 VarC.S.plus 6.42724187585e-09 +/- 2.075e-09
425 VarC.S.minus 3.13752061904e-11 +/- 1.71044e-09
425 VarC.D.plus 4.8188128704e-09 +/- 4.09816e-09
425 VarC.D.minus -1.27126782835e-08 +/- 3.30315e-09
425 CovCW.S.plus -3.10556077878e-09 +/- 1.63288e-09
425 CovCW.S.minus 8.08549605556e-10 +/- 1.87247e-09
425 CovCW.D.plus 4.73005209078e-09 +/- 5.39308e-09
425 CovCW.D.minus 3.08779148716e-09 +/- 3.8091e-09
425 VarW.S.plus 1.32875151158e-08 +/- 3.66215e-09
425 VarW.S.minus 3.20240159528e-09 +/- 4.88778e-09
425 VarW.D.plus 7.14176884903e-09 +/- 9.64345e-09
425 VarW.D.minus -2.78398340397e-08 +/- 7.45488e-09
425 shape_Frobenius_energy 5.97464849514e-14 +/- 5.97204e-14
{"hostname": "4a8d1d443419434889e49148ed0a7ba6", "machine": "aarch64", "python": "3.9.9", "numpy": "1.26.4", "scipy": "1.13.1", "workers": 16, "started_unix": 1788173363.3482091, "finished_unix": 1788173364.3219662, "elapsed_seconds": 0.973757266998291, "script_sha256": "5da8543692f54a1731f38fcd7d81a7e95962527db9a7d5c1de4b13f29823624f", "ustat_sha256": "ca4ffad4b2c3da4a8524cb68064e17320a44f37c3ae14ee391714d7fe6827dfe", "new_sampling": 0}
