scored 325 0
scored 325 1
scored 325 2
scored 325 3
scored 325 4
scored 325 5
scored 325 6
scored 325 7
scored 325 8
scored 325 9
scored 325 10
scored 325 11
scored 325 12
scored 325 13
scored 325 14
scored 325 15
scored 325 16
scored 325 17
scored 325 18
scored 325 19
scored 425 0
scored 425 1
scored 425 2
scored 425 3
scored 425 4
scored 425 5
scored 425 6
scored 425 7
scored 425 8
scored 425 9
scored 425 10
scored 425 11
scored 425 12
scored 425 13
scored 425 14
scored 425 15
scored 425 16
scored 425 17
scored 425 18
scored 425 19
complete 6.384076065000045
