{
  "completed": "/workspace/matching-one-p398-linear-response-20260831/results",
  "elapsed_seconds": 4.282643904007273,
  "checks": {
    "stationary_residual": 6.938893903907228e-16,
    "stationary_tangent_residual": 1.0269562977782698e-15,
    "stationary_derivative_sum": -1.1102230246251565e-16,
    "stationary_K_odd_residual": 1.8041124150158794e-16,
    "old_baseline_max_difference": 0.0,
    "same_ray_first_derivative_max": 5.054867013339658e-16,
    "Uprime_zero_lag_max": 0.0,
    "spectral_vs_Frechet_max_difference": 3.1315131483054602e-15,
    "spectral_vs_resolvent_integral_max_difference": 1.7677489893439373e-15
  },
  "crossings": {
    "minus_plus": [],
    "plus_minus": [
      {
        "old_lag_bracket": [
          1.0,
          2.0
        ],
        "root": 1.047989651970103
      }
    ]
  },
  "integrated_Uprime": [
    [
      [
        -2.653844691277825e-16,
        -4.32729411668925e-17
      ],
      [
        -0.05300341458378082,
        7.09271726897542e-18
      ]
    ],
    [
      [
        -0.05023377673789188,
        -1.3920466907221585e-16
      ],
      [
        -1.024697764448277e-16,
        3.2539718170273044e-17
      ]
    ]
  ]
}
