completed custom N=576 samples=100000
wrote "results/local-20260830/P321-equal-area-fresh-100k/N576/N576_rho_16_9.hist.csv"
wrote "results/local-20260830/P321-equal-area-fresh-100k/N576/N576_rho_16_9.moments.csv"
wrote "results/local-20260830/P321-equal-area-fresh-100k/N576/N576_rho_16_9.metadata.json"
completed custom N=576 samples=100000
wrote "results/local-20260830/P321-equal-area-fresh-100k/N576/N576_rho_9_4.hist.csv"
wrote "results/local-20260830/P321-equal-area-fresh-100k/N576/N576_rho_9_4.moments.csv"
wrote "results/local-20260830/P321-equal-area-fresh-100k/N576/N576_rho_9_4.metadata.json"
completed custom N=576 samples=100000
wrote "results/local-20260830/P321-equal-area-fresh-100k/N576/N576_rho_4_1.hist.csv"
wrote "results/local-20260830/P321-equal-area-fresh-100k/N576/N576_rho_4_1.moments.csv"
wrote "results/local-20260830/P321-equal-area-fresh-100k/N576/N576_rho_4_1.metadata.json"
completed custom N=576 samples=100000
wrote "results/local-20260830/P321-equal-area-fresh-100k/N576/N576_rho_9_1.hist.csv"
wrote "results/local-20260830/P321-equal-area-fresh-100k/N576/N576_rho_9_1.moments.csv"
wrote "results/local-20260830/P321-equal-area-fresh-100k/N576/N576_rho_9_1.metadata.json"
{
  "campaign": "results/local-20260830/P321-equal-area-fresh-100k/N576/campaign.json",
  "runs": 4
}
