{
  "schema": "matching-one/c4-self-matching-exact-cpp/v1",
  "geometry": {"a": 5, "b": 1, "N": 26, "edges": 78, "period_matrix": [[5,-1],[1,5]]},
  "configurations": 67108864,
  "threads": 1,
  "elapsed_seconds": 15.892576084,
  "channels": {
    "cross": {
      "R_bernstein_integer_coefficients": [0,0,0,0,0,0,0,130,2860,26910,148382,542672,1404078,2673490,3848520,4272528,3715725,2563678,1417195,631670,227292,65624,14950,2600,325,26,1],
      "M_bernstein_integer_coefficients": [-1,-26,-325,-2600,-14950,-65624,-227292,-631540,-1414335,-2536768,-3567343,-3729856,-2444442,0,2444442,3729856,3567343,2536768,1414335,631540,227292,65624,14950,2600,325,26,1],
      "M_power_coefficients_ascending": [-1,0,0,0,0,156,-338,260,-260,-338,1144,3536,-13702,15628,-3016,-10088,11492,-5798,1482,-156]
    },
    "both": {
      "R_bernstein_integer_coefficients": [0,0,0,0,0,0,52,962,9100,55588,237458,738400,1715558,3036710,4160000,4468256,3804801,2592356,1423435,632502,227344,65624,14950,2600,325,26,1],
      "M_bernstein_integer_coefficients": [-1,-26,-325,-2600,-14950,-65624,-227292,-631540,-1414335,-2536768,-3567343,-3729856,-2444442,0,2444442,3729856,3567343,2536768,1414335,631540,227292,65624,14950,2600,325,26,1],
      "M_power_coefficients_ascending": [-1,0,0,0,0,156,-338,260,-260,-338,1144,3536,-13702,15628,-3016,-10088,11492,-5798,1482,-156]
    },
    "either": {
      "R_bernstein_integer_coefficients": [0,0,0,0,0,156,2938,26130,145080,560872,1596010,3453632,5809180,7727110,8253622,7183488,5163353,3097640,1559415,657670,230230,65780,14950,2600,325,26,1],
      "M_bernstein_integer_coefficients": [-1,-26,-325,-2600,-14950,-65624,-227292,-631540,-1414335,-2536768,-3567343,-3729856,-2444442,0,2444442,3729856,3567343,2536768,1414335,631540,227292,65624,14950,2600,325,26,1],
      "M_power_coefficients_ascending": [-1,0,0,0,0,156,-338,260,-260,-338,1144,3536,-13702,15628,-3016,-10088,11492,-5798,1482,-156]
    },
    "direction_0": {
      "R_bernstein_integer_coefficients": [0,0,0,0,0,78,1495,13546,77090,308230,916734,2096016,3762369,5381910,6206811,5825872,4484077,2844998,1491425,645086,228787,65702,14950,2600,325,26,1],
      "M_bernstein_integer_coefficients": [-1,-26,-325,-2600,-14950,-65624,-227292,-631540,-1414335,-2536768,-3567343,-3729856,-2444442,0,2444442,3729856,3567343,2536768,1414335,631540,227292,65624,14950,2600,325,26,1],
      "M_power_coefficients_ascending": [-1,0,0,0,0,156,-338,260,-260,-338,1144,3536,-13702,15628,-3016,-10088,11492,-5798,1482,-156]
    },
    "direction_1": {
      "R_bernstein_integer_coefficients": [0,0,0,0,0,78,1495,13546,77090,308230,916734,2096016,3762369,5381910,6206811,5825872,4484077,2844998,1491425,645086,228787,65702,14950,2600,325,26,1],
      "M_bernstein_integer_coefficients": [-1,-26,-325,-2600,-14950,-65624,-227292,-631540,-1414335,-2536768,-3567343,-3729856,-2444442,0,2444442,3729856,3567343,2536768,1414335,631540,227292,65624,14950,2600,325,26,1],
      "M_power_coefficients_ascending": [-1,0,0,0,0,156,-338,260,-260,-338,1144,3536,-13702,15628,-3016,-10088,11492,-5798,1482,-156]
    }
  }
}
