325 A_p_ref.energy_U 5.19107792797e-07 +/- 4.95716e-08
325 A_p_ref.constant.risk_U 2.12381506375e-07 +/- 4.38079e-08
325 A_p_ref.BG.risk_U 1.31307729624e-07 +/- 4.42436e-08
325 A_p_ref.BG_gain_over_constant 8.10737767504e-08 +/- 1.0958e-08
325 A_p_ref.relative_BG_gain 0.381736518091 +/- 0.0932815
325 C_over_Nplus1.energy_U 4.7236694691e-09 +/- 5.07674e-10
325 C_over_Nplus1.constant.risk_U 1.73977146002e-09 +/- 3.7949e-10
325 C_over_Nplus1.BG.risk_U 7.92933415306e-10 +/- 4.24275e-10
325 C_over_Nplus1.BG_gain_over_constant 9.46838044718e-10 +/- 1.25164e-10
325 C_over_Nplus1.relative_BG_gain 0.544231277771 +/- 0.154658
425 A_p_ref.energy_U 5.23350906568e-07 +/- 4.59856e-08
425 A_p_ref.constant.risk_U 1.6241937597e-07 +/- 3.96416e-08
425 A_p_ref.BG.risk_U 9.84814497558e-08 +/- 3.48778e-08
425 A_p_ref.BG_gain_over_constant 6.39379262144e-08 +/- 1.77188e-08
425 A_p_ref.relative_BG_gain 0.393659474631 +/- 0.105947
425 C_over_Nplus1.energy_U 4.12080964821e-09 +/- 3.96222e-10
425 C_over_Nplus1.constant.risk_U 1.26138535848e-09 +/- 3.56331e-10
425 C_over_Nplus1.BG.risk_U 5.21609354362e-10 +/- 3.12338e-10
425 C_over_Nplus1.BG_gain_over_constant 7.39776004121e-10 +/- 1.55294e-10
425 C_over_Nplus1.relative_BG_gain 0.586478984512 +/- 0.157098
{"host": "033945d8bf8b47a7acf475c595169e07", "python": "3.9.9", "numpy": "1.26.4", "started_unix": 1788173130.757381, "finished_unix": 1788173131.0628273, "elapsed_seconds": 0.3054468631744385, "script_sha256": "4071fd57f4a73b49d5368a66b5b1e56d383c6ed8dfb4e0039eae9117c6d72307", "input_manifest_sha256": "c69e0de37de0238fb628dc97d0ea0faa6ed00fd3ddc796d784a8eb92852e66dd", "plan_sha256": "bb194185005bdb062248a8b5a37ef8def4340b9608fc5177efc01af4d4fc2266", "analysis_attempt": 1, "new_sampling": 0}
